arrays.large_fixed_bound|4
complexity.max_directives_per_type|10
naming.constant_upper_snake_case|3
naming.field_snake_case|2
naming.field_snake_case|4
naming.field_snake_case|5
naming.namespace_lowercase|1
naming.type_pascal_case|1
style.no_tabs|2
style.single_trailing_newline|1
style.trailing_whitespace|2
